// Jest Snapshot v1, https://goo.gl/fbAQLP

exports[`ButtonGroup testing Render SnapShot 1`] = `
Object {
  "asFragment": [Function],
  "baseElement": <body>
    <div>
      <div
        aria-label="listing of quoted properties"
        class="MuiToggleButtonGroup-root css-1hnhqu0-MuiToggleButtonGroup-root"
        role="group"
      >
        <button
          aria-label="onsale new project"
          aria-pressed="true"
          class="MuiButtonBase-root MuiToggleButton-root Mui-selected MuiToggleButton-sizeMedium MuiToggleButton-standard MuiToggleButtonGroup-grouped MuiToggleButtonGroup-groupedHorizontal css-pfnqtg-MuiButtonBase-root-MuiToggleButton-root"
          tabindex="0"
          type="button"
          value="left"
        >
          <p
            class="MuiTypography-root MuiTypography-body1 css-10a3z0g-MuiTypography-root"
          >
            Proyectos nuevos en venta
          </p>
          <span
            class="MuiTouchRipple-root css-8je8zh-MuiTouchRipple-root"
          />
        </button>
        <button
          aria-label="onsale pre-owned"
          aria-pressed="false"
          class="MuiButtonBase-root MuiToggleButton-root MuiToggleButton-sizeMedium MuiToggleButton-standard MuiToggleButtonGroup-grouped MuiToggleButtonGroup-groupedHorizontal css-pfnqtg-MuiButtonBase-root-MuiToggleButton-root"
          tabindex="0"
          type="button"
          value="center"
        >
          <p
            class="MuiTypography-root MuiTypography-body1 css-10a3z0g-MuiTypography-root"
          >
            Propiedades usadas en venta
          </p>
          <span
            class="MuiTouchRipple-root css-8je8zh-MuiTouchRipple-root"
          />
        </button>
        <button
          aria-label="renting pre-owned"
          aria-pressed="false"
          class="MuiButtonBase-root MuiToggleButton-root MuiToggleButton-sizeMedium MuiToggleButton-standard MuiToggleButtonGroup-grouped MuiToggleButtonGroup-groupedHorizontal css-pfnqtg-MuiButtonBase-root-MuiToggleButton-root"
          tabindex="0"
          type="button"
          value="right"
        >
          <p
            class="MuiTypography-root MuiTypography-body1 css-10a3z0g-MuiTypography-root"
          >
            Propiedades usadas en arriendo
          </p>
          <span
            class="MuiTouchRipple-root css-8je8zh-MuiTouchRipple-root"
          />
        </button>
      </div>
    </div>
  </body>,
  "container": <div>
    <div
      aria-label="listing of quoted properties"
      class="MuiToggleButtonGroup-root css-1hnhqu0-MuiToggleButtonGroup-root"
      role="group"
    >
      <button
        aria-label="onsale new project"
        aria-pressed="true"
        class="MuiButtonBase-root MuiToggleButton-root Mui-selected MuiToggleButton-sizeMedium MuiToggleButton-standard MuiToggleButtonGroup-grouped MuiToggleButtonGroup-groupedHorizontal css-pfnqtg-MuiButtonBase-root-MuiToggleButton-root"
        tabindex="0"
        type="button"
        value="left"
      >
        <p
          class="MuiTypography-root MuiTypography-body1 css-10a3z0g-MuiTypography-root"
        >
          Proyectos nuevos en venta
        </p>
        <span
          class="MuiTouchRipple-root css-8je8zh-MuiTouchRipple-root"
        />
      </button>
      <button
        aria-label="onsale pre-owned"
        aria-pressed="false"
        class="MuiButtonBase-root MuiToggleButton-root MuiToggleButton-sizeMedium MuiToggleButton-standard MuiToggleButtonGroup-grouped MuiToggleButtonGroup-groupedHorizontal css-pfnqtg-MuiButtonBase-root-MuiToggleButton-root"
        tabindex="0"
        type="button"
        value="center"
      >
        <p
          class="MuiTypography-root MuiTypography-body1 css-10a3z0g-MuiTypography-root"
        >
          Propiedades usadas en venta
        </p>
        <span
          class="MuiTouchRipple-root css-8je8zh-MuiTouchRipple-root"
        />
      </button>
      <button
        aria-label="renting pre-owned"
        aria-pressed="false"
        class="MuiButtonBase-root MuiToggleButton-root MuiToggleButton-sizeMedium MuiToggleButton-standard MuiToggleButtonGroup-grouped MuiToggleButtonGroup-groupedHorizontal css-pfnqtg-MuiButtonBase-root-MuiToggleButton-root"
        tabindex="0"
        type="button"
        value="right"
      >
        <p
          class="MuiTypography-root MuiTypography-body1 css-10a3z0g-MuiTypography-root"
        >
          Propiedades usadas en arriendo
        </p>
        <span
          class="MuiTouchRipple-root css-8je8zh-MuiTouchRipple-root"
        />
      </button>
    </div>
  </div>,
  "debug": [Function],
  "findAllByAltText": [Function],
  "findAllByDisplayValue": [Function],
  "findAllByLabelText": [Function],
  "findAllByPlaceholderText": [Function],
  "findAllByRole": [Function],
  "findAllByTestId": [Function],
  "findAllByText": [Function],
  "findAllByTitle": [Function],
  "findByAltText": [Function],
  "findByDisplayValue": [Function],
  "findByLabelText": [Function],
  "findByPlaceholderText": [Function],
  "findByRole": [Function],
  "findByTestId": [Function],
  "findByText": [Function],
  "findByTitle": [Function],
  "getAllByAltText": [Function],
  "getAllByDisplayValue": [Function],
  "getAllByLabelText": [Function],
  "getAllByPlaceholderText": [Function],
  "getAllByRole": [Function],
  "getAllByTestId": [Function],
  "getAllByText": [Function],
  "getAllByTitle": [Function],
  "getByAltText": [Function],
  "getByDisplayValue": [Function],
  "getByLabelText": [Function],
  "getByPlaceholderText": [Function],
  "getByRole": [Function],
  "getByTestId": [Function],
  "getByText": [Function],
  "getByTitle": [Function],
  "queryAllByAltText": [Function],
  "queryAllByDisplayValue": [Function],
  "queryAllByLabelText": [Function],
  "queryAllByPlaceholderText": [Function],
  "queryAllByRole": [Function],
  "queryAllByTestId": [Function],
  "queryAllByText": [Function],
  "queryAllByTitle": [Function],
  "queryByAltText": [Function],
  "queryByDisplayValue": [Function],
  "queryByLabelText": [Function],
  "queryByPlaceholderText": [Function],
  "queryByRole": [Function],
  "queryByTestId": [Function],
  "queryByText": [Function],
  "queryByTitle": [Function],
  "rerender": [Function],
  "unmount": [Function],
}
`;
