// Jest Snapshot v1, https://goo.gl/fbAQLP

exports[`Input Testing Render Render SnapShot 1`] = `
Object {
  "asFragment": [Function],
  "baseElement": <body>
    <div>
      <span
        class="MuiSlider-root MuiSlider-colorPrimary MuiSlider-sizeMedium css-9xpw5l-MuiSlider-root"
      >
        <span
          class="MuiSlider-rail css-1svg07-MuiSlider-rail"
        />
        <span
          class="MuiSlider-track css-1gv0vcd-MuiSlider-track"
          style="left: 0%; width: 25%;"
        />
        <span
          class="MuiSlider-thumb MuiSlider-thumbColorPrimary MuiSlider-thumbSizeMedium css-1wfy9ex-MuiSlider-thumb"
          data-focusvisible="false"
          data-index="0"
          style="left: 25%;"
        >
          <input
            aria-orientation="horizontal"
            aria-valuemax="100"
            aria-valuemin="0"
            aria-valuenow="25"
            data-index="0"
            max="100"
            min="0"
            step="1"
            style="border: 0px; height: 100%; margin: -1px; overflow: hidden; padding: 0px; position: absolute; white-space: nowrap; width: 100%; direction: ltr;"
            type="range"
            value="25"
          />
          <span
            aria-hidden="true"
            class="MuiSlider-valueLabel css-1qhzk28-MuiSlider-valueLabel"
          >
            <span
              class="MuiSlider-valueLabelCircle"
            >
              <span
                class="MuiSlider-valueLabelLabel"
              >
                25
              </span>
            </span>
          </span>
        </span>
      </span>
    </div>
  </body>,
  "container": <div>
    <span
      class="MuiSlider-root MuiSlider-colorPrimary MuiSlider-sizeMedium css-9xpw5l-MuiSlider-root"
    >
      <span
        class="MuiSlider-rail css-1svg07-MuiSlider-rail"
      />
      <span
        class="MuiSlider-track css-1gv0vcd-MuiSlider-track"
        style="left: 0%; width: 25%;"
      />
      <span
        class="MuiSlider-thumb MuiSlider-thumbColorPrimary MuiSlider-thumbSizeMedium css-1wfy9ex-MuiSlider-thumb"
        data-focusvisible="false"
        data-index="0"
        style="left: 25%;"
      >
        <input
          aria-orientation="horizontal"
          aria-valuemax="100"
          aria-valuemin="0"
          aria-valuenow="25"
          data-index="0"
          max="100"
          min="0"
          step="1"
          style="border: 0px; height: 100%; margin: -1px; overflow: hidden; padding: 0px; position: absolute; white-space: nowrap; width: 100%; direction: ltr;"
          type="range"
          value="25"
        />
        <span
          aria-hidden="true"
          class="MuiSlider-valueLabel css-1qhzk28-MuiSlider-valueLabel"
        >
          <span
            class="MuiSlider-valueLabelCircle"
          >
            <span
              class="MuiSlider-valueLabelLabel"
            >
              25
            </span>
          </span>
        </span>
      </span>
    </span>
  </div>,
  "debug": [Function],
  "findAllByAltText": [Function],
  "findAllByDisplayValue": [Function],
  "findAllByLabelText": [Function],
  "findAllByPlaceholderText": [Function],
  "findAllByRole": [Function],
  "findAllByTestId": [Function],
  "findAllByText": [Function],
  "findAllByTitle": [Function],
  "findByAltText": [Function],
  "findByDisplayValue": [Function],
  "findByLabelText": [Function],
  "findByPlaceholderText": [Function],
  "findByRole": [Function],
  "findByTestId": [Function],
  "findByText": [Function],
  "findByTitle": [Function],
  "getAllByAltText": [Function],
  "getAllByDisplayValue": [Function],
  "getAllByLabelText": [Function],
  "getAllByPlaceholderText": [Function],
  "getAllByRole": [Function],
  "getAllByTestId": [Function],
  "getAllByText": [Function],
  "getAllByTitle": [Function],
  "getByAltText": [Function],
  "getByDisplayValue": [Function],
  "getByLabelText": [Function],
  "getByPlaceholderText": [Function],
  "getByRole": [Function],
  "getByTestId": [Function],
  "getByText": [Function],
  "getByTitle": [Function],
  "queryAllByAltText": [Function],
  "queryAllByDisplayValue": [Function],
  "queryAllByLabelText": [Function],
  "queryAllByPlaceholderText": [Function],
  "queryAllByRole": [Function],
  "queryAllByTestId": [Function],
  "queryAllByText": [Function],
  "queryAllByTitle": [Function],
  "queryByAltText": [Function],
  "queryByDisplayValue": [Function],
  "queryByLabelText": [Function],
  "queryByPlaceholderText": [Function],
  "queryByRole": [Function],
  "queryByTestId": [Function],
  "queryByText": [Function],
  "queryByTitle": [Function],
  "rerender": [Function],
  "unmount": [Function],
}
`;
